src/pages/Auth/Login.tsx(98,34): error TS1109: Expression expected.
src/pages/Auth/Register.tsx(128,36): error TS1109: Expression expected.
src/pages/Auth/Register.tsx(149,43): error TS1109: Expression expected.
src/pages/Dashboards/Analytics.tsx(415,45): error TS1109: Expression expected.
src/pages/Dashboards/Analytics.tsx(415,47): error TS1109: Expression expected.
src/pages/Dashboards/NoticeManagement.tsx(247,43): error TS1109: Expression expected.
src/pages/Dashboards/NoticeManagement.tsx(247,45): error TS1109: Expression expected.
src/pages/Dashboards/StudentReports.tsx(187,65): error TS1109: Expression expected.
src/pages/Dashboards/StudentReports.tsx(187,67): error TS1109: Expression expected.
src/pages/Dashboards/StudentResults.tsx(162,37): error TS1109: Expression expected.
src/pages/Dashboards/StudentResults.tsx(162,39): error TS1109: Expression expected.
